
> legal-assistant@0.1.0 build
> next build

Ôû▓ Next.js 16.2.1 (Turbopack)

node.exe : ÔÜá The "middleware" fil
e convention is deprecated. Please 
use "proxy" instead. Learn more: ht
tps://nextjs.org/docs/messages/midd
leware-to-proxy
At C:\Program Files\nodejs\npm.ps1:
29 char:3
+   & $NODE_EXE $NPM_CLI_JS $args
+   ~~~~~~~~~~~~~~~~~~~~~~~~~~~~~
    + CategoryInfo          : NotS 
   pecified: (ÔÜá The "middle...l  
  eware-to-proxy:String) [], Rem   
 oteException
    + FullyQualifiedErrorId : Nati 
   veCommandError
 
  Creating an optimized production build ...

> Build error occurred
Error: Turbopack build failed with 
1 errors:
./app/[locale]/dashboard/research/p
age.tsx:5:1
Module not found: Can't resolve 'ai
/react'
  [90m3 |[0m [36mimport[0m { [
33mSend[0m, [33mBot[0m, [33mUse
r[0m, [33mSparkles[0m, [33mScal
e[0m, [33mClock[0m, [33mChevron
Right[0m, [33mLoader2[0m } [36m
from[0m [32m'lucide-react'[0m;
  [90m4 |[0m [36mimport[0m { us
eTranslations } [36mfrom[0m [32m
'next-intl'[0m;
[31m[1m>[0m [90m5 |[0m [36mim
port[0m { useChat } [36mfrom[0m 
[32m'ai/react'[0m;
  [90m  |[0m [31m[1m^^^^^^^^^^^
^^^^^^^^^^^^^^^^^^^^^^^^[0m
  [90m6 |[0m
  [90m7 |[0m [36mexport[0m [36
mdefault[0m [36mfunction[0m [33
mResearchPage[0m() {
  [90m8 |[0m   [36mconst[0m t =
 useTranslations([32m'Research'[0
m);



Import traces:
  Client Component Browser:
    ./app/[locale]/dashboard/resear
ch/page.tsx [Client Component Brows
er]
    ./app/[locale]/dashboard/resear
ch/page.tsx [Server Component]

  Client Component SSR:
    ./app/[locale]/dashboard/resear
ch/page.tsx [Client Component SSR]
    ./app/[locale]/dashboard/resear
ch/page.tsx [Server Component]

https://nextjs.org/docs/messages/mo
dule-not-found


    at <unknown> (./app/[locale]/da
shboard/research/page.tsx:5:1)
    at <unknown> (https://nextjs.or
g/docs/messages/module-not-found)
